// Jest Snapshot v1, https://goo.gl/fbAQLP

exports[`should render ExpenseListItem 1`] = `
<div>
  <[object Object]
    to="/edit/1"
  >
    Gum
  </[object Object]>
  <p>
    amount: 
    195
    , created at: 
    01-01-1970
  </p>
</div>
`;
